--- Attempting V3 ---
Testing https://stats.nba.com/stats/boxscoretraditionalv3 with GameID: 0022400255...
Ô£à Success! Status: 200
Structure: [ 'meta', 'boxScoreTraditional' ]
